<html>
<body>
<pre>
<h1>µVision Build Log</h1>
<h2>Tool Versions:</h2>
IDE-Version: µVision V5.20.0.0
Copyright (C) 2016 ARM Ltd and ARM Germany GmbH. All rights reserved.
License Information: Steve Ball, Snurkle Engineering, LIC=----
 
Tool Versions:
Toolchain:       MDK-Lite  Version: 5.20
Toolchain Path:  C:\Keil_v5\ARM\ARMCC\Bin
C Compiler:      Armcc.exe V5.06 update 2 (build 183)
Assembler:       Armasm.exe V5.06 update 2 (build 183)
Linker/Locator:  ArmLink.exe V5.06 update 2 (build 183)
Library Manager: ArmAr.exe V5.06 update 2 (build 183)
Hex Converter:   FromElf.exe V5.06 update 2 (build 183)
CPU DLL:         SARMCM3.DLL V5.20
Dialog DLL:      DARMCM1.DLL V1.14.0.0
Target DLL:      Segger\JL2CM3.dll V2.99.20.0
Dialog DLL:      TARMCM1.DLL V1.10.0.0
 
<h2>Project:</h2>
C:\Users\hamster\Documents\Development\DC801_DC24PartyBadge\Software\pca10028\s130\arm5\DC801partybadge.uvprojx
Project File Date:  08/02/2016

<h2>Output:</h2>
*** Using Compiler 'V5.06 update 2 (build 183)', folder: 'C:\Keil_v5\ARM\ARMCC\Bin'
Build target 'nrf51422_xxac_s130'
compiling led_patterns.c...
linking...
Program Size: Code=7508 RO-data=340 RW-data=116 ZI-data=2700  
FromELF: creating hex file...
".\_build\nrf51422_xxac_s130.axf" - 0 Error(s), 0 Warning(s).

<h2>Software Packages used:</h2>

Package Vendor: ARM
                http://www.keil.com/pack/ARM.CMSIS.4.5.0.pack
                ARM::CMSIS:CORE:4.3.0
                CMSIS (Cortex Microcontroller Software Interface Standard)
   * Component: CORE Version: 4.3.0

Package Vendor: NordicSemiconductor
                http://developer.nordicsemi.com/nRF51_SDK/pieces/nRF_Drivers/NordicSemiconductor.nRF_Drivers.4.0.0-2.alpha.pack
                NordicSemiconductor::nRF_Drivers:nrf_delay:4.0.0-2.alpha
                Drivers for Nordic Semiconductor nRF family.
   * Component: nrf_delay Version: 4.0.0-2.alpha
   * Component: nrf_gpio Version: 4.0.0-2.alpha
   * Component: nrf_error Variant: default Version: 4.0.0-2.alpha
   * Component: nrf_gpiote Version: 4.0.0-2.alpha
   * Component: nrf_uart Version: 4.0.0-2.alpha
   * Component: nrf_drv_gpiote Version: 4.0.0-2.alpha
   * Component: nrf_drv_common Version: 4.0.0-2.alpha
   * Component: nrf_uarte Version: 4.0.0-2.alpha
   * Component: nrf_drv_uart Version: 4.0.0-2.alpha

Package Vendor: NordicSemiconductor
                http://developer.nordicsemi.com/nRF51_SDK/pieces/nRF_SoftDevice_S130/NordicSemiconductor.nRF_SoftDevice_S130.2.0.0-7.alpha.pack
                NordicSemiconductor::nRF_SoftDevice:s130:default:2.0.0-7.alpha
                Components for Bluetooth Low Energy (Bluetooth Smart) S130 SoftDevice for Nordic Semiconductor nRF family.
   * Component: s130 Variant: default Version: 2.0.0-7.alpha
   * Component: s130_hex Version: 2.0.0-7.alpha

Package Vendor: NordicSemiconductor
                http://developer.nordicsemi.com/nRF51_SDK/pieces/nRF_Libraries/NordicSemiconductor.nRF_Libraries.4.0.0-2.alpha.pack
                NordicSemiconductor::nRF_Libraries:app_error:4.0.0-2.alpha
                Software modules for Nordic Semiconductor nRF family.
   * Component: app_error Version: 4.0.0-2.alpha
   * Component: app_button Version: 4.0.0-2.alpha
   * Component: nordic_common Version: 4.0.0-2.alpha
   * Component: app_timer Variant: default Version: 4.0.0-2.alpha
   * Component: app_fifo Version: 4.0.0-2.alpha
   * Component: nrf_assert Version: 4.0.0-2.alpha
   * Component: retarget Version: 4.0.0-2.alpha
   * Component: nrf_log Variant: default Version: 4.0.0-2.alpha
   * Component: app_util Variant: default Version: 4.0.0-2.alpha
   * Component: app_uart Variant: Fifo Version: 4.0.0-2.alpha

Package Vendor: NordicSemiconductor
                http://developer.nordicsemi.com/nRF51_SDK/pieces/nRF_SoftDevice_Common/NordicSemiconductor.nRF_SoftDevice_Common.2.0.0-2.alpha.pack
                NordicSemiconductor::nRF_SoftDevice:Internal:sd_common:default:2.0.0-2.alpha
                Common components for Nordic Semiconductor nRF family SoftDevices.
   * Component: sd_common Variant: default Version: 2.0.0-2.alpha
   * Component: softdevice_present Version: 2.0.0-2.alpha

Package Vendor: NordicSemiconductor
                http://developer.nordicsemi.com/nRF51_SDK/pieces/nRF_Drivers_External/NordicSemiconductor.nRF_Drivers_External.1.2.1-2.alpha.pack
                NordicSemiconductor::nRF_Libraries:segger_rtt:1.2.1-2.alpha
                Drivers for external hardware used by Nordic Semiconductor nRF family examples.
   * Component: segger_rtt Version: 1.2.1-2.alpha

Package Vendor: NordicSemiconductor
                http://developer.nordicsemi.com/nRF51_SDK/pieces/nRF_Examples/NordicSemiconductor.nRF_Examples.11.0.0-2.alpha.pack
                NordicSemiconductor::Board Support:bsp:default:11.0.0-2.alpha
                Examples and BSP for Nordic Semiconductor nRF family.
   * Component: bsp Variant: default Version: 11.0.0-2.alpha

Package Vendor: NordicSemiconductor
                http://developer.nordicsemi.com/nRF51_SDK/pieces/nRF_BLE/NordicSemiconductor.nRF_BLE.4.0.0-2.alpha.pack
                NordicSemiconductor::nRF_BLE:BLE_Modules:ble_advdata:4.0.0-2.alpha
                Bluetooth Low Energy (Bluetooth Smart) services and software modules for Nordic Semiconductor nRF family.
   * Component: ble_advdata Version: 4.0.0-2.alpha
   * Component: ble_common Version: 4.0.0-2.alpha

Package Vendor: NordicSemiconductor
                http://developer.nordicsemi.com/nRF51_SDK/pieces/nRF_DeviceFamilyPack/NordicSemiconductor.nRF_DeviceFamilyPack.8.3.1.pack
                NordicSemiconductor::Device:Startup:8.3.1
                Nordic Semiconductor nRF ARM devices Device Family Pack.
   * Component: Startup Version: 8.3.1
   * Component: ble_conn_params Version: 4.0.0-2.alpha
   * Component: ble_service_common Version: 4.0.0-2.alpha

<h2>Collection of Component include folders:</h2>
  C:\Users\hamster\Documents\Development\DC801_DC24PartyBadge\Software\pca10028\s130\arm5\RTE
  C:\Users\hamster\Documents\Development\DC801_DC24PartyBadge\Software\pca10028\s130\arm5\RTE\nRF_BLE\nRF51422_xxAC
  C:\Users\hamster\Documents\Development\DC801_DC24PartyBadge\Software\pca10028\s130\arm5\RTE\nRF_Drivers\nRF51422_xxAC
  C:\Users\hamster\Documents\Development\DC801_DC24PartyBadge\Software\pca10028\s130\arm5\RTE\nRF_Libraries\nRF51422_xxAC
  C:\Keil_v5\ARM\PACK\ARM\CMSIS\4.5.0\CMSIS\Include
  C:\Keil_v5\ARM\PACK\NordicSemiconductor\nRF_BLE\4.0.0-2.alpha\common
  C:\Keil_v5\ARM\PACK\NordicSemiconductor\nRF_DeviceFamilyPack\8.3.1\Device\Include
  C:\Keil_v5\ARM\PACK\NordicSemiconductor\nRF_DeviceFamilyPack\8.7.1\Device\Include
  C:\Keil_v5\ARM\PACK\NordicSemiconductor\nRF_Drivers\4.0.0-2.alpha\common
  C:\Keil_v5\ARM\PACK\NordicSemiconductor\nRF_Drivers\4.0.0-2.alpha\config
  C:\Keil_v5\ARM\PACK\NordicSemiconductor\nRF_Drivers\4.0.0-2.alpha\delay
  C:\Keil_v5\ARM\PACK\NordicSemiconductor\nRF_Drivers\4.0.0-2.alpha\gpiote
  C:\Keil_v5\ARM\PACK\NordicSemiconductor\nRF_Drivers\4.0.0-2.alpha\hal
  C:\Keil_v5\ARM\PACK\NordicSemiconductor\nRF_Drivers\4.0.0-2.alpha\uart
  C:\Keil_v5\ARM\PACK\NordicSemiconductor\nRF_Drivers_External\1.2.1-2.alpha\segger_rtt
  C:\Keil_v5\ARM\PACK\NordicSemiconductor\nRF_Examples\11.0.0-2.alpha\bsp
  C:\Keil_v5\ARM\PACK\NordicSemiconductor\nRF_Libraries\4.0.0-2.alpha\button
  C:\Keil_v5\ARM\PACK\NordicSemiconductor\nRF_Libraries\4.0.0-2.alpha\fifo
  C:\Keil_v5\ARM\PACK\NordicSemiconductor\nRF_Libraries\4.0.0-2.alpha\timer
  C:\Keil_v5\ARM\PACK\NordicSemiconductor\nRF_Libraries\4.0.0-2.alpha\uart
  C:\Keil_v5\ARM\PACK\NordicSemiconductor\nRF_Libraries\4.0.0-2.alpha\util
  C:\Keil_v5\ARM\PACK\NordicSemiconductor\nRF_SoftDevice_Common\2.0.0-2.alpha\softdevice_handler
  C:\Keil_v5\ARM\PACK\NordicSemiconductor\nRF_SoftDevice_S130\2.0.0-7.alpha\headers
  C:\Keil_v5\ARM\PACK\NordicSemiconductor\nRF_SoftDevice_S130\2.0.0-7.alpha\headers\nrf51

<h2>Collection of Component Files used:</h2>

   * Component: ARM::CMSIS:CORE:4.3.0

   * Component: NordicSemiconductor::nRF_Drivers:nrf_delay:4.0.0-2.alpha
      Source file:   delay\nrf_delay.c
      Include file:  delay\nrf_delay.h

   * Component: NordicSemiconductor::nRF_Drivers:nrf_gpio:4.0.0-2.alpha
      Include file:  hal\nrf_gpio.h

   * Component: NordicSemiconductor::nRF_Drivers:nrf_error:default:4.0.0-2.alpha

   * Component: NordicSemiconductor::nRF_Drivers:nrf_gpiote:4.0.0-2.alpha
      Include file:  hal\nrf_gpiote.h

   * Component: NordicSemiconductor::nRF_Drivers:nrf_uart:4.0.0-2.alpha
      Include file:  hal\nrf_uart.h

   * Component: NordicSemiconductor::nRF_Drivers:nrf_drv_gpiote:4.0.0-2.alpha
      Source file:   gpiote\nrf_drv_gpiote.c
      Include file:  gpiote\nrf_drv_gpiote.h
      Include file:  config\nrf_drv_config.h

   * Component: NordicSemiconductor::nRF_Drivers:nrf_drv_common:4.0.0-2.alpha
      Source file:   common\nrf_drv_common.c
      Include file:  common\nrf_drv_common.h
      Include file:  config\nrf_drv_config.h

   * Component: NordicSemiconductor::nRF_Drivers:nrf_uarte:4.0.0-2.alpha
      Include file:  hal\nrf_uarte.h

   * Component: NordicSemiconductor::nRF_Drivers:nrf_drv_uart:4.0.0-2.alpha
      Include file:  config\nrf_drv_config.h
      Include file:  uart\nrf_drv_uart.h
      Source file:   uart\nrf_drv_uart.c

   * Component: NordicSemiconductor::nRF_SoftDevice:s130:default:2.0.0-7.alpha
      Include file:  headers\ble_gatt.h
      Include file:  headers\ble.h
      Include file:  headers\ble_hci.h
      Include file:  headers\nrf51\nrf_mbr.h
      Include file:  headers\nrf_error.h
      Include file:  headers\nrf_sd_def.h
      Include file:  headers\nrf_error_soc.h
      Include file:  headers\nrf_sdm.h
      Include file:  headers\ble_gap.h
      Include file:  headers\ble_gatts.h
      Include file:  headers\ble_l2cap.h
      Include file:  headers\nrf_soc.h
      Include file:  headers\ble_err.h
      Include file:  headers\ble_ranges.h
      Include file:  headers\nrf_svc.h
      Include file:  headers\softdevice_assert.h
      Include file:  headers\ble_gattc.h
      Include file:  headers\nrf_error_sdm.h
      Include file:  headers\ble_types.h

   * Component: NordicSemiconductor::nRF_SoftDevice:s130_hex:2.0.0-7.alpha

   * Component: NordicSemiconductor::nRF_Libraries:app_error:4.0.0-2.alpha
      Source file:   util\app_error.c
      Include file:  util\app_error.h

   * Component: NordicSemiconductor::nRF_Libraries:app_button:4.0.0-2.alpha
      Source file:   button\app_button.c
      Include file:  button\app_button.h

   * Component: NordicSemiconductor::nRF_Libraries:nordic_common:4.0.0-2.alpha

   * Component: NordicSemiconductor::nRF_Libraries:app_timer:default:4.0.0-2.alpha
      Include file:  timer\app_timer.h
      Source file:   timer\app_timer.c

   * Component: NordicSemiconductor::nRF_Libraries:app_fifo:4.0.0-2.alpha
      Include file:  fifo\app_fifo.h
      Source file:   fifo\app_fifo.c

   * Component: NordicSemiconductor::nRF_Libraries:nrf_assert:4.0.0-2.alpha
      Include file:  util\nrf_assert.h
      Source file:   util\nrf_assert.c

   * Component: NordicSemiconductor::nRF_Libraries:retarget:4.0.0-2.alpha
      Source file:   uart\retarget.c

   * Component: NordicSemiconductor::nRF_Libraries:nrf_log:default:4.0.0-2.alpha
      Include file:  util\nrf_log.h
      Source file:   util\nrf_log.c

   * Component: NordicSemiconductor::nRF_Libraries:app_util:default:4.0.0-2.alpha

   * Component: NordicSemiconductor::nRF_Drivers:app_uart:Fifo:4.0.0-2.alpha
      Source file:   uart\app_uart_fifo.c
      Include file:  uart\app_uart.h

   * Component: NordicSemiconductor::nRF_SoftDevice:Internal:sd_common:default:2.0.0-2.alpha
      Source file:   softdevice_handler\softdevice_handler.c

   * Component: NordicSemiconductor::nRF_SoftDevice:Internal:softdevice_present:2.0.0-2.alpha

   * Component: NordicSemiconductor::nRF_Libraries:segger_rtt:1.2.1-2.alpha
      Source file:   segger_rtt\SEGGER_RTT.c
      Source file:   segger_rtt\SEGGER_RTT_printf.c
      Source file:   segger_rtt\RTT_Syscalls_KEIL.c
      Include file:  segger_rtt\SEGGER_RTT.h
      Include file:  segger_rtt\SEGGER_RTT_Conf.h

   * Component: NordicSemiconductor::Board Support:bsp:default:11.0.0-2.alpha
      Source file:   bsp\bsp.c

   * Component: NordicSemiconductor::nRF_BLE:BLE_Modules:ble_advdata:4.0.0-2.alpha
      Source file:   common\ble_advdata.c
      Include file:  common\ble_advdata.h

   * Component: NordicSemiconductor::nRF_BLE:BLE_Modules:ble_common:4.0.0-2.alpha

   * Component: NordicSemiconductor::Device:Startup:8.3.1
      Include file:  Device\Include\system_nrf51.h
      Source file:   Device\Source\system_nrf51.c
      Source file:   Device\Source\arm\arm_startup_nrf51.s

   * Component: NordicSemiconductor::nRF_BLE:BLE_Modules:ble_conn_params:4.0.0-2.alpha
      Source file:   common\ble_conn_params.c
      Include file:  common\ble_conn_params.h

   * Component: NordicSemiconductor::nRF_BLE:BLE_Modules:ble_service_common:4.0.0-2.alpha
      Source file:   common\ble_srv_common.c
      Include file:  common\ble_srv_common.h
Build Time Elapsed:  00:00:01
</pre>
</body>
</html>
